Simulator report for task09
Sun Aug 14 15:19:57 2022
Quartus II Version 9.1 Build 350 03/24/2010 Service Pack 2 SJ Web Edition


---------------------
; Table of Contents ;
---------------------
  1. Legal Notice
  2. Simulator Summary
  3. Simulator Settings
  4. Simulation Waveforms
  5. Coverage Summary
  6. Complete 1/0-Value Coverage
  7. Missing 1-Value Coverage
  8. Missing 0-Value Coverage
  9. Simulator INI Usage
 10. Simulator Messages



----------------
; Legal Notice ;
----------------
Copyright (C) 1991-2010 Altera Corporation
Your use of Altera Corporation's design tools, logic functions 
and other software and tools, and its AMPP partner logic 
functions, and any output files from any of the foregoing 
(including device programming or simulation files), and any 
associated documentation or information are expressly subject 
to the terms and conditions of the Altera Program License 
Subscription Agreement, Altera MegaCore Function License 
Agreement, or other applicable license agreement, including, 
without limitation, that your use is for the sole purpose of 
programming logic devices manufactured by Altera and sold by 
Altera or its authorized distributors.  Please refer to the 
applicable agreement for further details.



+--------------------------------------------+
; Simulator Summary                          ;
+-----------------------------+--------------+
; Type                        ; Value        ;
+-----------------------------+--------------+
; Simulation Start Time       ; 0 ps         ;
; Simulation End Time         ; 1.0 us       ;
; Simulation Netlist Size     ; 305 nodes    ;
; Simulation Coverage         ;      99.67 % ;
; Total Number of Transitions ; 10101        ;
; Simulation Breakpoints      ; 0            ;
; Family                      ; Cyclone II   ;
+-----------------------------+--------------+


+--------------------------------------------------------------------------------------------------------------------------+
; Simulator Settings                                                                                                       ;
+--------------------------------------------------------------------------------------------+-------------+---------------+
; Option                                                                                     ; Setting     ; Default Value ;
+--------------------------------------------------------------------------------------------+-------------+---------------+
; Simulation mode                                                                            ; Functional  ; Timing        ;
; Start time                                                                                 ; 0 ns        ; 0 ns          ;
; Simulation results format                                                                  ; CVWF        ;               ;
; Vector input source                                                                        ; control.vwf ;               ;
; Add pins automatically to simulation output waveforms                                      ; On          ; On            ;
; Check outputs                                                                              ; Off         ; Off           ;
; Report simulation coverage                                                                 ; On          ; On            ;
; Display complete 1/0 value coverage report                                                 ; On          ; On            ;
; Display missing 1-value coverage report                                                    ; On          ; On            ;
; Display missing 0-value coverage report                                                    ; On          ; On            ;
; Detect setup and hold time violations                                                      ; Off         ; Off           ;
; Detect glitches                                                                            ; Off         ; Off           ;
; Disable timing delays in Timing Simulation                                                 ; Off         ; Off           ;
; Generate Signal Activity File                                                              ; Off         ; Off           ;
; Generate VCD File for PowerPlay Power Analyzer                                             ; Off         ; Off           ;
; Group bus channels in simulation results                                                   ; Off         ; Off           ;
; Preserve fewer signal transitions to reduce memory requirements                            ; On          ; On            ;
; Trigger vector comparison with the specified mode                                          ; INPUT_EDGE  ; INPUT_EDGE    ;
; Disable setup and hold time violations detection in input registers of bi-directional pins ; Off         ; Off           ;
; Overwrite Waveform Inputs With Simulation Outputs                                          ; Off         ;               ;
; Perform Glitch Filtering in Timing Simulation                                              ; Auto        ; Auto          ;
+--------------------------------------------------------------------------------------------+-------------+---------------+


+----------------------+
; Simulation Waveforms ;
+----------------------+
Waveform report data cannot be output to ASCII.
Please use Quartus II to view the waveform report data.


+--------------------------------------------------------------------+
; Coverage Summary                                                   ;
+-----------------------------------------------------+--------------+
; Type                                                ; Value        ;
+-----------------------------------------------------+--------------+
; Total coverage as a percentage                      ;      99.67 % ;
; Total nodes checked                                 ; 305          ;
; Total output ports checked                          ; 305          ;
; Total output ports with complete 1/0-value coverage ; 304          ;
; Total output ports with no 1/0-value coverage       ; 1            ;
; Total output ports with no 1-value coverage         ; 1            ;
; Total output ports with no 0-value coverage         ; 1            ;
+-----------------------------------------------------+--------------+


The following table displays output ports that toggle between 1 and 0 during simulation.
+------------------------------------------------------------------------------------------------------------------------------------------------------+
; Complete 1/0-Value Coverage                                                                                                                          ;
+-----------------------------------------------------------------+-----------------------------------------------------------------+------------------+
; Node Name                                                       ; Output Port Name                                                ; Output Port Type ;
+-----------------------------------------------------------------+-----------------------------------------------------------------+------------------+
; |ControlUnit|IR[0]                                              ; |ControlUnit|IR[0]                                              ; out              ;
; |ControlUnit|IR[1]                                              ; |ControlUnit|IR[1]                                              ; out              ;
; |ControlUnit|IR[2]                                              ; |ControlUnit|IR[2]                                              ; out              ;
; |ControlUnit|IR[3]                                              ; |ControlUnit|IR[3]                                              ; out              ;
; |ControlUnit|IR[4]                                              ; |ControlUnit|IR[4]                                              ; out              ;
; |ControlUnit|IR[5]                                              ; |ControlUnit|IR[5]                                              ; out              ;
; |ControlUnit|IR[6]                                              ; |ControlUnit|IR[6]                                              ; out              ;
; |ControlUnit|IR[7]                                              ; |ControlUnit|IR[7]                                              ; out              ;
; |ControlUnit|IR[8]                                              ; |ControlUnit|IR[8]                                              ; out              ;
; |ControlUnit|IR[9]                                              ; |ControlUnit|IR[9]                                              ; out              ;
; |ControlUnit|IR[10]                                             ; |ControlUnit|IR[10]                                             ; out              ;
; |ControlUnit|IR[11]                                             ; |ControlUnit|IR[11]                                             ; out              ;
; |ControlUnit|IR[12]                                             ; |ControlUnit|IR[12]                                             ; out              ;
; |ControlUnit|IR[13]                                             ; |ControlUnit|IR[13]                                             ; out              ;
; |ControlUnit|IR[14]                                             ; |ControlUnit|IR[14]                                             ; out              ;
; |ControlUnit|IR[15]                                             ; |ControlUnit|IR[15]                                             ; out              ;
; |ControlUnit|clk                                                ; |ControlUnit|clk                                                ; out              ;
; |ControlUnit|inr                                                ; |ControlUnit|inr                                                ; out              ;
; |ControlUnit|output[0]                                          ; |ControlUnit|output[0]                                          ; pin_out          ;
; |ControlUnit|output[1]                                          ; |ControlUnit|output[1]                                          ; pin_out          ;
; |ControlUnit|output[2]                                          ; |ControlUnit|output[2]                                          ; pin_out          ;
; |ControlUnit|output[3]                                          ; |ControlUnit|output[3]                                          ; pin_out          ;
; |ControlUnit|output[4]                                          ; |ControlUnit|output[4]                                          ; pin_out          ;
; |ControlUnit|output[5]                                          ; |ControlUnit|output[5]                                          ; pin_out          ;
; |ControlUnit|output[6]                                          ; |ControlUnit|output[6]                                          ; pin_out          ;
; |ControlUnit|output[7]                                          ; |ControlUnit|output[7]                                          ; pin_out          ;
; |ControlUnit|output[8]                                          ; |ControlUnit|output[8]                                          ; pin_out          ;
; |ControlUnit|output[9]                                          ; |ControlUnit|output[9]                                          ; pin_out          ;
; |ControlUnit|output[10]                                         ; |ControlUnit|output[10]                                         ; pin_out          ;
; |ControlUnit|output[11]                                         ; |ControlUnit|output[11]                                         ; pin_out          ;
; |ControlUnit|output[12]                                         ; |ControlUnit|output[12]                                         ; pin_out          ;
; |ControlUnit|output[13]                                         ; |ControlUnit|output[13]                                         ; pin_out          ;
; |ControlUnit|output[14]                                         ; |ControlUnit|output[14]                                         ; pin_out          ;
; |ControlUnit|output[15]                                         ; |ControlUnit|output[15]                                         ; pin_out          ;
; |ControlUnit|output[16]                                         ; |ControlUnit|output[16]                                         ; pin_out          ;
; |ControlUnit|output[17]                                         ; |ControlUnit|output[17]                                         ; pin_out          ;
; |ControlUnit|output[18]                                         ; |ControlUnit|output[18]                                         ; pin_out          ;
; |ControlUnit|output[19]                                         ; |ControlUnit|output[19]                                         ; pin_out          ;
; |ControlUnit|output[20]                                         ; |ControlUnit|output[20]                                         ; pin_out          ;
; |ControlUnit|output[21]                                         ; |ControlUnit|output[21]                                         ; pin_out          ;
; |ControlUnit|output[22]                                         ; |ControlUnit|output[22]                                         ; pin_out          ;
; |ControlUnit|output[23]                                         ; |ControlUnit|output[23]                                         ; pin_out          ;
; |ControlUnit|output[24]                                         ; |ControlUnit|output[24]                                         ; pin_out          ;
; |ControlUnit|output[25]                                         ; |ControlUnit|output[25]                                         ; pin_out          ;
; |ControlUnit|output[26]                                         ; |ControlUnit|output[26]                                         ; pin_out          ;
; |ControlUnit|output[27]                                         ; |ControlUnit|output[27]                                         ; pin_out          ;
; |ControlUnit|output[28]                                         ; |ControlUnit|output[28]                                         ; pin_out          ;
; |ControlUnit|output[29]                                         ; |ControlUnit|output[29]                                         ; pin_out          ;
; |ControlUnit|output[30]                                         ; |ControlUnit|output[30]                                         ; pin_out          ;
; |ControlUnit|output[31]                                         ; |ControlUnit|output[31]                                         ; pin_out          ;
; |ControlUnit|output[32]                                         ; |ControlUnit|output[32]                                         ; pin_out          ;
; |ControlUnit|output[33]                                         ; |ControlUnit|output[33]                                         ; pin_out          ;
; |ControlUnit|output[34]                                         ; |ControlUnit|output[34]                                         ; pin_out          ;
; |ControlUnit|output[35]                                         ; |ControlUnit|output[35]                                         ; pin_out          ;
; |ControlUnit|output[36]                                         ; |ControlUnit|output[36]                                         ; pin_out          ;
; |ControlUnit|decoder4x16:Dec4to16Map|decoder3x8:d2|output~43    ; |ControlUnit|decoder4x16:Dec4to16Map|decoder3x8:d2|output~43    ; out0             ;
; |ControlUnit|decoder4x16:Dec4to16Map|decoder3x8:d2|comb~0       ; |ControlUnit|decoder4x16:Dec4to16Map|decoder3x8:d2|comb~0       ; out0             ;
; |ControlUnit|decoder4x16:Dec4to16Map|decoder3x8:d2|output[7]~0  ; |ControlUnit|decoder4x16:Dec4to16Map|decoder3x8:d2|output[7]~0  ; out0             ;
; |ControlUnit|decoder4x16:Dec4to16Map|decoder3x8:d2|output~44    ; |ControlUnit|decoder4x16:Dec4to16Map|decoder3x8:d2|output~44    ; out0             ;
; |ControlUnit|decoder4x16:Dec4to16Map|decoder3x8:d2|output~45    ; |ControlUnit|decoder4x16:Dec4to16Map|decoder3x8:d2|output~45    ; out0             ;
; |ControlUnit|decoder4x16:Dec4to16Map|decoder3x8:d2|comb~1       ; |ControlUnit|decoder4x16:Dec4to16Map|decoder3x8:d2|comb~1       ; out0             ;
; |ControlUnit|decoder4x16:Dec4to16Map|decoder3x8:d2|output[7]~1  ; |ControlUnit|decoder4x16:Dec4to16Map|decoder3x8:d2|output[7]~1  ; out0             ;
; |ControlUnit|decoder4x16:Dec4to16Map|decoder3x8:d2|output~46    ; |ControlUnit|decoder4x16:Dec4to16Map|decoder3x8:d2|output~46    ; out0             ;
; |ControlUnit|decoder4x16:Dec4to16Map|decoder3x8:d2|output[0]    ; |ControlUnit|decoder4x16:Dec4to16Map|decoder3x8:d2|output[0]    ; out              ;
; |ControlUnit|decoder4x16:Dec4to16Map|decoder3x8:d2|output[7]~2  ; |ControlUnit|decoder4x16:Dec4to16Map|decoder3x8:d2|output[7]~2  ; out              ;
; |ControlUnit|decoder4x16:Dec4to16Map|decoder3x8:d2|output[6]~3  ; |ControlUnit|decoder4x16:Dec4to16Map|decoder3x8:d2|output[6]~3  ; out              ;
; |ControlUnit|decoder4x16:Dec4to16Map|decoder3x8:d2|output~47    ; |ControlUnit|decoder4x16:Dec4to16Map|decoder3x8:d2|output~47    ; out0             ;
; |ControlUnit|decoder4x16:Dec4to16Map|decoder3x8:d2|output[7]~4  ; |ControlUnit|decoder4x16:Dec4to16Map|decoder3x8:d2|output[7]~4  ; out0             ;
; |ControlUnit|decoder4x16:Dec4to16Map|decoder3x8:d2|output~48    ; |ControlUnit|decoder4x16:Dec4to16Map|decoder3x8:d2|output~48    ; out0             ;
; |ControlUnit|decoder4x16:Dec4to16Map|decoder3x8:d2|comb~2       ; |ControlUnit|decoder4x16:Dec4to16Map|decoder3x8:d2|comb~2       ; out0             ;
; |ControlUnit|decoder4x16:Dec4to16Map|decoder3x8:d2|output[7]~5  ; |ControlUnit|decoder4x16:Dec4to16Map|decoder3x8:d2|output[7]~5  ; out              ;
; |ControlUnit|decoder4x16:Dec4to16Map|decoder3x8:d2|output[6]~6  ; |ControlUnit|decoder4x16:Dec4to16Map|decoder3x8:d2|output[6]~6  ; out              ;
; |ControlUnit|decoder4x16:Dec4to16Map|decoder3x8:d2|output[5]~7  ; |ControlUnit|decoder4x16:Dec4to16Map|decoder3x8:d2|output[5]~7  ; out              ;
; |ControlUnit|decoder4x16:Dec4to16Map|decoder3x8:d2|output~49    ; |ControlUnit|decoder4x16:Dec4to16Map|decoder3x8:d2|output~49    ; out0             ;
; |ControlUnit|decoder4x16:Dec4to16Map|decoder3x8:d2|output[1]    ; |ControlUnit|decoder4x16:Dec4to16Map|decoder3x8:d2|output[1]    ; out              ;
; |ControlUnit|decoder4x16:Dec4to16Map|decoder3x8:d2|output[7]~8  ; |ControlUnit|decoder4x16:Dec4to16Map|decoder3x8:d2|output[7]~8  ; out0             ;
; |ControlUnit|decoder4x16:Dec4to16Map|decoder3x8:d2|output~50    ; |ControlUnit|decoder4x16:Dec4to16Map|decoder3x8:d2|output~50    ; out0             ;
; |ControlUnit|decoder4x16:Dec4to16Map|decoder3x8:d2|output[7]~9  ; |ControlUnit|decoder4x16:Dec4to16Map|decoder3x8:d2|output[7]~9  ; out              ;
; |ControlUnit|decoder4x16:Dec4to16Map|decoder3x8:d2|output[6]~10 ; |ControlUnit|decoder4x16:Dec4to16Map|decoder3x8:d2|output[6]~10 ; out              ;
; |ControlUnit|decoder4x16:Dec4to16Map|decoder3x8:d2|output[5]~11 ; |ControlUnit|decoder4x16:Dec4to16Map|decoder3x8:d2|output[5]~11 ; out              ;
; |ControlUnit|decoder4x16:Dec4to16Map|decoder3x8:d2|output[4]~12 ; |ControlUnit|decoder4x16:Dec4to16Map|decoder3x8:d2|output[4]~12 ; out              ;
; |ControlUnit|decoder4x16:Dec4to16Map|decoder3x8:d2|comb~3       ; |ControlUnit|decoder4x16:Dec4to16Map|decoder3x8:d2|comb~3       ; out0             ;
; |ControlUnit|decoder4x16:Dec4to16Map|decoder3x8:d2|output[7]~13 ; |ControlUnit|decoder4x16:Dec4to16Map|decoder3x8:d2|output[7]~13 ; out0             ;
; |ControlUnit|decoder4x16:Dec4to16Map|decoder3x8:d2|output[2]    ; |ControlUnit|decoder4x16:Dec4to16Map|decoder3x8:d2|output[2]    ; out              ;
; |ControlUnit|decoder4x16:Dec4to16Map|decoder3x8:d2|output[7]~14 ; |ControlUnit|decoder4x16:Dec4to16Map|decoder3x8:d2|output[7]~14 ; out              ;
; |ControlUnit|decoder4x16:Dec4to16Map|decoder3x8:d2|output[6]~15 ; |ControlUnit|decoder4x16:Dec4to16Map|decoder3x8:d2|output[6]~15 ; out              ;
; |ControlUnit|decoder4x16:Dec4to16Map|decoder3x8:d2|output[5]~16 ; |ControlUnit|decoder4x16:Dec4to16Map|decoder3x8:d2|output[5]~16 ; out              ;
; |ControlUnit|decoder4x16:Dec4to16Map|decoder3x8:d2|output[4]~17 ; |ControlUnit|decoder4x16:Dec4to16Map|decoder3x8:d2|output[4]~17 ; out              ;
; |ControlUnit|decoder4x16:Dec4to16Map|decoder3x8:d2|output[3]~18 ; |ControlUnit|decoder4x16:Dec4to16Map|decoder3x8:d2|output[3]~18 ; out              ;
; |ControlUnit|decoder4x16:Dec4to16Map|decoder3x8:d2|output[0]~19 ; |ControlUnit|decoder4x16:Dec4to16Map|decoder3x8:d2|output[0]~19 ; out              ;
; |ControlUnit|decoder4x16:Dec4to16Map|decoder3x8:d2|comb~4       ; |ControlUnit|decoder4x16:Dec4to16Map|decoder3x8:d2|comb~4       ; out0             ;
; |ControlUnit|decoder4x16:Dec4to16Map|decoder3x8:d2|output[1]~20 ; |ControlUnit|decoder4x16:Dec4to16Map|decoder3x8:d2|output[1]~20 ; out              ;
; |ControlUnit|decoder4x16:Dec4to16Map|decoder3x8:d2|output[1]~21 ; |ControlUnit|decoder4x16:Dec4to16Map|decoder3x8:d2|output[1]~21 ; out              ;
; |ControlUnit|decoder4x16:Dec4to16Map|decoder3x8:d2|comb~5       ; |ControlUnit|decoder4x16:Dec4to16Map|decoder3x8:d2|comb~5       ; out0             ;
; |ControlUnit|decoder4x16:Dec4to16Map|decoder3x8:d2|output[2]~22 ; |ControlUnit|decoder4x16:Dec4to16Map|decoder3x8:d2|output[2]~22 ; out              ;
; |ControlUnit|decoder4x16:Dec4to16Map|decoder3x8:d2|output[2]~23 ; |ControlUnit|decoder4x16:Dec4to16Map|decoder3x8:d2|output[2]~23 ; out              ;
; |ControlUnit|decoder4x16:Dec4to16Map|decoder3x8:d2|output[2]~24 ; |ControlUnit|decoder4x16:Dec4to16Map|decoder3x8:d2|output[2]~24 ; out              ;
; |ControlUnit|decoder4x16:Dec4to16Map|decoder3x8:d2|comb~6       ; |ControlUnit|decoder4x16:Dec4to16Map|decoder3x8:d2|comb~6       ; out0             ;
; |ControlUnit|decoder4x16:Dec4to16Map|decoder3x8:d2|output[3]~25 ; |ControlUnit|decoder4x16:Dec4to16Map|decoder3x8:d2|output[3]~25 ; out              ;
; |ControlUnit|decoder4x16:Dec4to16Map|decoder3x8:d2|output[3]~26 ; |ControlUnit|decoder4x16:Dec4to16Map|decoder3x8:d2|output[3]~26 ; out              ;
; |ControlUnit|decoder4x16:Dec4to16Map|decoder3x8:d2|output[3]~27 ; |ControlUnit|decoder4x16:Dec4to16Map|decoder3x8:d2|output[3]~27 ; out              ;
; |ControlUnit|decoder4x16:Dec4to16Map|decoder3x8:d2|comb~7       ; |ControlUnit|decoder4x16:Dec4to16Map|decoder3x8:d2|comb~7       ; out0             ;
; |ControlUnit|decoder4x16:Dec4to16Map|decoder3x8:d2|output[4]~28 ; |ControlUnit|decoder4x16:Dec4to16Map|decoder3x8:d2|output[4]~28 ; out              ;
; |ControlUnit|decoder4x16:Dec4to16Map|decoder3x8:d2|output[4]~29 ; |ControlUnit|decoder4x16:Dec4to16Map|decoder3x8:d2|output[4]~29 ; out              ;
; |ControlUnit|decoder4x16:Dec4to16Map|decoder3x8:d2|output[4]~30 ; |ControlUnit|decoder4x16:Dec4to16Map|decoder3x8:d2|output[4]~30 ; out              ;
; |ControlUnit|decoder4x16:Dec4to16Map|decoder3x8:d2|comb~8       ; |ControlUnit|decoder4x16:Dec4to16Map|decoder3x8:d2|comb~8       ; out0             ;
; |ControlUnit|decoder4x16:Dec4to16Map|decoder3x8:d2|output[5]~31 ; |ControlUnit|decoder4x16:Dec4to16Map|decoder3x8:d2|output[5]~31 ; out              ;
; |ControlUnit|decoder4x16:Dec4to16Map|decoder3x8:d2|output[5]~32 ; |ControlUnit|decoder4x16:Dec4to16Map|decoder3x8:d2|output[5]~32 ; out              ;
; |ControlUnit|decoder4x16:Dec4to16Map|decoder3x8:d2|output[5]~33 ; |ControlUnit|decoder4x16:Dec4to16Map|decoder3x8:d2|output[5]~33 ; out              ;
; |ControlUnit|decoder4x16:Dec4to16Map|decoder3x8:d2|comb~9       ; |ControlUnit|decoder4x16:Dec4to16Map|decoder3x8:d2|comb~9       ; out0             ;
; |ControlUnit|decoder4x16:Dec4to16Map|decoder3x8:d2|output[6]~34 ; |ControlUnit|decoder4x16:Dec4to16Map|decoder3x8:d2|output[6]~34 ; out              ;
; |ControlUnit|decoder4x16:Dec4to16Map|decoder3x8:d2|output[6]~35 ; |ControlUnit|decoder4x16:Dec4to16Map|decoder3x8:d2|output[6]~35 ; out              ;
; |ControlUnit|decoder4x16:Dec4to16Map|decoder3x8:d2|output[6]~36 ; |ControlUnit|decoder4x16:Dec4to16Map|decoder3x8:d2|output[6]~36 ; out              ;
; |ControlUnit|decoder4x16:Dec4to16Map|decoder3x8:d2|comb~10      ; |ControlUnit|decoder4x16:Dec4to16Map|decoder3x8:d2|comb~10      ; out0             ;
; |ControlUnit|decoder4x16:Dec4to16Map|decoder3x8:d2|output[7]~37 ; |ControlUnit|decoder4x16:Dec4to16Map|decoder3x8:d2|output[7]~37 ; out0             ;
; |ControlUnit|decoder4x16:Dec4to16Map|decoder3x8:d2|output[7]~38 ; |ControlUnit|decoder4x16:Dec4to16Map|decoder3x8:d2|output[7]~38 ; out              ;
; |ControlUnit|decoder4x16:Dec4to16Map|decoder3x8:d2|output[7]~39 ; |ControlUnit|decoder4x16:Dec4to16Map|decoder3x8:d2|output[7]~39 ; out0             ;
; |ControlUnit|decoder4x16:Dec4to16Map|decoder3x8:d2|output[7]~40 ; |ControlUnit|decoder4x16:Dec4to16Map|decoder3x8:d2|output[7]~40 ; out              ;
; |ControlUnit|decoder4x16:Dec4to16Map|decoder3x8:d2|output[7]~41 ; |ControlUnit|decoder4x16:Dec4to16Map|decoder3x8:d2|output[7]~41 ; out0             ;
; |ControlUnit|decoder4x16:Dec4to16Map|decoder3x8:d2|output[7]~42 ; |ControlUnit|decoder4x16:Dec4to16Map|decoder3x8:d2|output[7]~42 ; out              ;
; |ControlUnit|decoder4x16:Dec4to16Map|decoder3x8:d2|comb~11      ; |ControlUnit|decoder4x16:Dec4to16Map|decoder3x8:d2|comb~11      ; out0             ;
; |ControlUnit|decoder4x16:Dec4to16Map|decoder3x8:d2|output[3]    ; |ControlUnit|decoder4x16:Dec4to16Map|decoder3x8:d2|output[3]    ; out              ;
; |ControlUnit|decoder4x16:Dec4to16Map|decoder3x8:d2|comb~12      ; |ControlUnit|decoder4x16:Dec4to16Map|decoder3x8:d2|comb~12      ; out0             ;
; |ControlUnit|decoder4x16:Dec4to16Map|decoder3x8:d2|output[4]    ; |ControlUnit|decoder4x16:Dec4to16Map|decoder3x8:d2|output[4]    ; out              ;
; |ControlUnit|decoder4x16:Dec4to16Map|decoder3x8:d2|comb~13      ; |ControlUnit|decoder4x16:Dec4to16Map|decoder3x8:d2|comb~13      ; out0             ;
; |ControlUnit|decoder4x16:Dec4to16Map|decoder3x8:d2|output[5]    ; |ControlUnit|decoder4x16:Dec4to16Map|decoder3x8:d2|output[5]    ; out              ;
; |ControlUnit|decoder4x16:Dec4to16Map|decoder3x8:d2|comb~14      ; |ControlUnit|decoder4x16:Dec4to16Map|decoder3x8:d2|comb~14      ; out0             ;
; |ControlUnit|decoder4x16:Dec4to16Map|decoder3x8:d2|output[6]    ; |ControlUnit|decoder4x16:Dec4to16Map|decoder3x8:d2|output[6]    ; out              ;
; |ControlUnit|decoder4x16:Dec4to16Map|decoder3x8:d2|comb~15      ; |ControlUnit|decoder4x16:Dec4to16Map|decoder3x8:d2|comb~15      ; out0             ;
; |ControlUnit|decoder4x16:Dec4to16Map|decoder3x8:d2|output[7]    ; |ControlUnit|decoder4x16:Dec4to16Map|decoder3x8:d2|output[7]    ; out              ;
; |ControlUnit|decoder4x16:Dec4to16Map|decoder3x8:d1|output~43    ; |ControlUnit|decoder4x16:Dec4to16Map|decoder3x8:d1|output~43    ; out0             ;
; |ControlUnit|decoder4x16:Dec4to16Map|decoder3x8:d1|comb~0       ; |ControlUnit|decoder4x16:Dec4to16Map|decoder3x8:d1|comb~0       ; out0             ;
; |ControlUnit|decoder4x16:Dec4to16Map|decoder3x8:d1|output[7]~0  ; |ControlUnit|decoder4x16:Dec4to16Map|decoder3x8:d1|output[7]~0  ; out0             ;
; |ControlUnit|decoder4x16:Dec4to16Map|decoder3x8:d1|output~44    ; |ControlUnit|decoder4x16:Dec4to16Map|decoder3x8:d1|output~44    ; out0             ;
; |ControlUnit|decoder4x16:Dec4to16Map|decoder3x8:d1|output~45    ; |ControlUnit|decoder4x16:Dec4to16Map|decoder3x8:d1|output~45    ; out0             ;
; |ControlUnit|decoder4x16:Dec4to16Map|decoder3x8:d1|comb~1       ; |ControlUnit|decoder4x16:Dec4to16Map|decoder3x8:d1|comb~1       ; out0             ;
; |ControlUnit|decoder4x16:Dec4to16Map|decoder3x8:d1|output[7]~1  ; |ControlUnit|decoder4x16:Dec4to16Map|decoder3x8:d1|output[7]~1  ; out0             ;
; |ControlUnit|decoder4x16:Dec4to16Map|decoder3x8:d1|output~46    ; |ControlUnit|decoder4x16:Dec4to16Map|decoder3x8:d1|output~46    ; out0             ;
; |ControlUnit|decoder4x16:Dec4to16Map|decoder3x8:d1|output[0]    ; |ControlUnit|decoder4x16:Dec4to16Map|decoder3x8:d1|output[0]    ; out              ;
; |ControlUnit|decoder4x16:Dec4to16Map|decoder3x8:d1|output[7]~2  ; |ControlUnit|decoder4x16:Dec4to16Map|decoder3x8:d1|output[7]~2  ; out              ;
; |ControlUnit|decoder4x16:Dec4to16Map|decoder3x8:d1|output[6]~3  ; |ControlUnit|decoder4x16:Dec4to16Map|decoder3x8:d1|output[6]~3  ; out              ;
; |ControlUnit|decoder4x16:Dec4to16Map|decoder3x8:d1|output~47    ; |ControlUnit|decoder4x16:Dec4to16Map|decoder3x8:d1|output~47    ; out0             ;
; |ControlUnit|decoder4x16:Dec4to16Map|decoder3x8:d1|output[7]~4  ; |ControlUnit|decoder4x16:Dec4to16Map|decoder3x8:d1|output[7]~4  ; out0             ;
; |ControlUnit|decoder4x16:Dec4to16Map|decoder3x8:d1|output~48    ; |ControlUnit|decoder4x16:Dec4to16Map|decoder3x8:d1|output~48    ; out0             ;
; |ControlUnit|decoder4x16:Dec4to16Map|decoder3x8:d1|comb~2       ; |ControlUnit|decoder4x16:Dec4to16Map|decoder3x8:d1|comb~2       ; out0             ;
; |ControlUnit|decoder4x16:Dec4to16Map|decoder3x8:d1|output[7]~5  ; |ControlUnit|decoder4x16:Dec4to16Map|decoder3x8:d1|output[7]~5  ; out              ;
; |ControlUnit|decoder4x16:Dec4to16Map|decoder3x8:d1|output[6]~6  ; |ControlUnit|decoder4x16:Dec4to16Map|decoder3x8:d1|output[6]~6  ; out              ;
; |ControlUnit|decoder4x16:Dec4to16Map|decoder3x8:d1|output[5]~7  ; |ControlUnit|decoder4x16:Dec4to16Map|decoder3x8:d1|output[5]~7  ; out              ;
; |ControlUnit|decoder4x16:Dec4to16Map|decoder3x8:d1|output~49    ; |ControlUnit|decoder4x16:Dec4to16Map|decoder3x8:d1|output~49    ; out0             ;
; |ControlUnit|decoder4x16:Dec4to16Map|decoder3x8:d1|output[1]    ; |ControlUnit|decoder4x16:Dec4to16Map|decoder3x8:d1|output[1]    ; out              ;
; |ControlUnit|decoder4x16:Dec4to16Map|decoder3x8:d1|output[7]~8  ; |ControlUnit|decoder4x16:Dec4to16Map|decoder3x8:d1|output[7]~8  ; out0             ;
; |ControlUnit|decoder4x16:Dec4to16Map|decoder3x8:d1|output~50    ; |ControlUnit|decoder4x16:Dec4to16Map|decoder3x8:d1|output~50    ; out0             ;
; |ControlUnit|decoder4x16:Dec4to16Map|decoder3x8:d1|output[7]~9  ; |ControlUnit|decoder4x16:Dec4to16Map|decoder3x8:d1|output[7]~9  ; out              ;
; |ControlUnit|decoder4x16:Dec4to16Map|decoder3x8:d1|output[6]~10 ; |ControlUnit|decoder4x16:Dec4to16Map|decoder3x8:d1|output[6]~10 ; out              ;
; |ControlUnit|decoder4x16:Dec4to16Map|decoder3x8:d1|output[5]~11 ; |ControlUnit|decoder4x16:Dec4to16Map|decoder3x8:d1|output[5]~11 ; out              ;
; |ControlUnit|decoder4x16:Dec4to16Map|decoder3x8:d1|output[4]~12 ; |ControlUnit|decoder4x16:Dec4to16Map|decoder3x8:d1|output[4]~12 ; out              ;
; |ControlUnit|decoder4x16:Dec4to16Map|decoder3x8:d1|comb~3       ; |ControlUnit|decoder4x16:Dec4to16Map|decoder3x8:d1|comb~3       ; out0             ;
; |ControlUnit|decoder4x16:Dec4to16Map|decoder3x8:d1|output[7]~13 ; |ControlUnit|decoder4x16:Dec4to16Map|decoder3x8:d1|output[7]~13 ; out0             ;
; |ControlUnit|decoder4x16:Dec4to16Map|decoder3x8:d1|output[2]    ; |ControlUnit|decoder4x16:Dec4to16Map|decoder3x8:d1|output[2]    ; out              ;
; |ControlUnit|decoder4x16:Dec4to16Map|decoder3x8:d1|output[7]~14 ; |ControlUnit|decoder4x16:Dec4to16Map|decoder3x8:d1|output[7]~14 ; out              ;
; |ControlUnit|decoder4x16:Dec4to16Map|decoder3x8:d1|output[6]~15 ; |ControlUnit|decoder4x16:Dec4to16Map|decoder3x8:d1|output[6]~15 ; out              ;
; |ControlUnit|decoder4x16:Dec4to16Map|decoder3x8:d1|output[5]~16 ; |ControlUnit|decoder4x16:Dec4to16Map|decoder3x8:d1|output[5]~16 ; out              ;
; |ControlUnit|decoder4x16:Dec4to16Map|decoder3x8:d1|output[4]~17 ; |ControlUnit|decoder4x16:Dec4to16Map|decoder3x8:d1|output[4]~17 ; out              ;
; |ControlUnit|decoder4x16:Dec4to16Map|decoder3x8:d1|output[3]~18 ; |ControlUnit|decoder4x16:Dec4to16Map|decoder3x8:d1|output[3]~18 ; out              ;
; |ControlUnit|decoder4x16:Dec4to16Map|decoder3x8:d1|output[0]~19 ; |ControlUnit|decoder4x16:Dec4to16Map|decoder3x8:d1|output[0]~19 ; out              ;
; |ControlUnit|decoder4x16:Dec4to16Map|decoder3x8:d1|comb~4       ; |ControlUnit|decoder4x16:Dec4to16Map|decoder3x8:d1|comb~4       ; out0             ;
; |ControlUnit|decoder4x16:Dec4to16Map|decoder3x8:d1|output[1]~20 ; |ControlUnit|decoder4x16:Dec4to16Map|decoder3x8:d1|output[1]~20 ; out              ;
; |ControlUnit|decoder4x16:Dec4to16Map|decoder3x8:d1|output[1]~21 ; |ControlUnit|decoder4x16:Dec4to16Map|decoder3x8:d1|output[1]~21 ; out              ;
; |ControlUnit|decoder4x16:Dec4to16Map|decoder3x8:d1|comb~5       ; |ControlUnit|decoder4x16:Dec4to16Map|decoder3x8:d1|comb~5       ; out0             ;
; |ControlUnit|decoder4x16:Dec4to16Map|decoder3x8:d1|output[2]~22 ; |ControlUnit|decoder4x16:Dec4to16Map|decoder3x8:d1|output[2]~22 ; out              ;
; |ControlUnit|decoder4x16:Dec4to16Map|decoder3x8:d1|output[2]~23 ; |ControlUnit|decoder4x16:Dec4to16Map|decoder3x8:d1|output[2]~23 ; out              ;
; |ControlUnit|decoder4x16:Dec4to16Map|decoder3x8:d1|output[2]~24 ; |ControlUnit|decoder4x16:Dec4to16Map|decoder3x8:d1|output[2]~24 ; out              ;
; |ControlUnit|decoder4x16:Dec4to16Map|decoder3x8:d1|comb~6       ; |ControlUnit|decoder4x16:Dec4to16Map|decoder3x8:d1|comb~6       ; out0             ;
; |ControlUnit|decoder4x16:Dec4to16Map|decoder3x8:d1|output[3]~25 ; |ControlUnit|decoder4x16:Dec4to16Map|decoder3x8:d1|output[3]~25 ; out              ;
; |ControlUnit|decoder4x16:Dec4to16Map|decoder3x8:d1|output[3]~26 ; |ControlUnit|decoder4x16:Dec4to16Map|decoder3x8:d1|output[3]~26 ; out              ;
; |ControlUnit|decoder4x16:Dec4to16Map|decoder3x8:d1|output[3]~27 ; |ControlUnit|decoder4x16:Dec4to16Map|decoder3x8:d1|output[3]~27 ; out              ;
; |ControlUnit|decoder4x16:Dec4to16Map|decoder3x8:d1|comb~7       ; |ControlUnit|decoder4x16:Dec4to16Map|decoder3x8:d1|comb~7       ; out0             ;
; |ControlUnit|decoder4x16:Dec4to16Map|decoder3x8:d1|output[4]~28 ; |ControlUnit|decoder4x16:Dec4to16Map|decoder3x8:d1|output[4]~28 ; out              ;
; |ControlUnit|decoder4x16:Dec4to16Map|decoder3x8:d1|output[4]~29 ; |ControlUnit|decoder4x16:Dec4to16Map|decoder3x8:d1|output[4]~29 ; out              ;
; |ControlUnit|decoder4x16:Dec4to16Map|decoder3x8:d1|output[4]~30 ; |ControlUnit|decoder4x16:Dec4to16Map|decoder3x8:d1|output[4]~30 ; out              ;
; |ControlUnit|decoder4x16:Dec4to16Map|decoder3x8:d1|comb~8       ; |ControlUnit|decoder4x16:Dec4to16Map|decoder3x8:d1|comb~8       ; out0             ;
; |ControlUnit|decoder4x16:Dec4to16Map|decoder3x8:d1|output[5]~31 ; |ControlUnit|decoder4x16:Dec4to16Map|decoder3x8:d1|output[5]~31 ; out              ;
; |ControlUnit|decoder4x16:Dec4to16Map|decoder3x8:d1|output[5]~32 ; |ControlUnit|decoder4x16:Dec4to16Map|decoder3x8:d1|output[5]~32 ; out              ;
; |ControlUnit|decoder4x16:Dec4to16Map|decoder3x8:d1|output[5]~33 ; |ControlUnit|decoder4x16:Dec4to16Map|decoder3x8:d1|output[5]~33 ; out              ;
; |ControlUnit|decoder4x16:Dec4to16Map|decoder3x8:d1|comb~9       ; |ControlUnit|decoder4x16:Dec4to16Map|decoder3x8:d1|comb~9       ; out0             ;
; |ControlUnit|decoder4x16:Dec4to16Map|decoder3x8:d1|output[6]~34 ; |ControlUnit|decoder4x16:Dec4to16Map|decoder3x8:d1|output[6]~34 ; out              ;
; |ControlUnit|decoder4x16:Dec4to16Map|decoder3x8:d1|output[6]~35 ; |ControlUnit|decoder4x16:Dec4to16Map|decoder3x8:d1|output[6]~35 ; out              ;
; |ControlUnit|decoder4x16:Dec4to16Map|decoder3x8:d1|output[6]~36 ; |ControlUnit|decoder4x16:Dec4to16Map|decoder3x8:d1|output[6]~36 ; out              ;
; |ControlUnit|decoder4x16:Dec4to16Map|decoder3x8:d1|comb~10      ; |ControlUnit|decoder4x16:Dec4to16Map|decoder3x8:d1|comb~10      ; out0             ;
; |ControlUnit|decoder4x16:Dec4to16Map|decoder3x8:d1|output[7]~37 ; |ControlUnit|decoder4x16:Dec4to16Map|decoder3x8:d1|output[7]~37 ; out0             ;
; |ControlUnit|decoder4x16:Dec4to16Map|decoder3x8:d1|output[7]~38 ; |ControlUnit|decoder4x16:Dec4to16Map|decoder3x8:d1|output[7]~38 ; out              ;
; |ControlUnit|decoder4x16:Dec4to16Map|decoder3x8:d1|output[7]~39 ; |ControlUnit|decoder4x16:Dec4to16Map|decoder3x8:d1|output[7]~39 ; out0             ;
; |ControlUnit|decoder4x16:Dec4to16Map|decoder3x8:d1|output[7]~40 ; |ControlUnit|decoder4x16:Dec4to16Map|decoder3x8:d1|output[7]~40 ; out              ;
; |ControlUnit|decoder4x16:Dec4to16Map|decoder3x8:d1|output[7]~41 ; |ControlUnit|decoder4x16:Dec4to16Map|decoder3x8:d1|output[7]~41 ; out0             ;
; |ControlUnit|decoder4x16:Dec4to16Map|decoder3x8:d1|output[7]~42 ; |ControlUnit|decoder4x16:Dec4to16Map|decoder3x8:d1|output[7]~42 ; out              ;
; |ControlUnit|decoder4x16:Dec4to16Map|decoder3x8:d1|comb~11      ; |ControlUnit|decoder4x16:Dec4to16Map|decoder3x8:d1|comb~11      ; out0             ;
; |ControlUnit|decoder4x16:Dec4to16Map|decoder3x8:d1|output[3]    ; |ControlUnit|decoder4x16:Dec4to16Map|decoder3x8:d1|output[3]    ; out              ;
; |ControlUnit|decoder4x16:Dec4to16Map|decoder3x8:d1|comb~12      ; |ControlUnit|decoder4x16:Dec4to16Map|decoder3x8:d1|comb~12      ; out0             ;
; |ControlUnit|decoder4x16:Dec4to16Map|decoder3x8:d1|output[4]    ; |ControlUnit|decoder4x16:Dec4to16Map|decoder3x8:d1|output[4]    ; out              ;
; |ControlUnit|decoder4x16:Dec4to16Map|decoder3x8:d1|comb~13      ; |ControlUnit|decoder4x16:Dec4to16Map|decoder3x8:d1|comb~13      ; out0             ;
; |ControlUnit|decoder4x16:Dec4to16Map|decoder3x8:d1|output[5]    ; |ControlUnit|decoder4x16:Dec4to16Map|decoder3x8:d1|output[5]    ; out              ;
; |ControlUnit|decoder4x16:Dec4to16Map|decoder3x8:d1|comb~14      ; |ControlUnit|decoder4x16:Dec4to16Map|decoder3x8:d1|comb~14      ; out0             ;
; |ControlUnit|decoder4x16:Dec4to16Map|decoder3x8:d1|output[6]    ; |ControlUnit|decoder4x16:Dec4to16Map|decoder3x8:d1|output[6]    ; out              ;
; |ControlUnit|decoder4x16:Dec4to16Map|decoder3x8:d1|comb~15      ; |ControlUnit|decoder4x16:Dec4to16Map|decoder3x8:d1|comb~15      ; out0             ;
; |ControlUnit|decoder4x16:Dec4to16Map|decoder3x8:d1|output[7]    ; |ControlUnit|decoder4x16:Dec4to16Map|decoder3x8:d1|output[7]    ; out              ;
; |ControlUnit|Counter:CountMap|output~0                          ; |ControlUnit|Counter:CountMap|output~0                          ; out              ;
; |ControlUnit|Counter:CountMap|output~1                          ; |ControlUnit|Counter:CountMap|output~1                          ; out              ;
; |ControlUnit|Counter:CountMap|output~2                          ; |ControlUnit|Counter:CountMap|output~2                          ; out              ;
; |ControlUnit|Counter:CountMap|output~3                          ; |ControlUnit|Counter:CountMap|output~3                          ; out              ;
; |ControlUnit|Counter:CountMap|output~4                          ; |ControlUnit|Counter:CountMap|output~4                          ; out              ;
; |ControlUnit|Counter:CountMap|output~5                          ; |ControlUnit|Counter:CountMap|output~5                          ; out              ;
; |ControlUnit|Counter:CountMap|output~6                          ; |ControlUnit|Counter:CountMap|output~6                          ; out              ;
; |ControlUnit|Counter:CountMap|output~7                          ; |ControlUnit|Counter:CountMap|output~7                          ; out              ;
; |ControlUnit|Counter:CountMap|output[0]                         ; |ControlUnit|Counter:CountMap|output[0]                         ; regout           ;
; |ControlUnit|Counter:CountMap|output[1]                         ; |ControlUnit|Counter:CountMap|output[1]                         ; regout           ;
; |ControlUnit|Counter:CountMap|output[2]                         ; |ControlUnit|Counter:CountMap|output[2]                         ; regout           ;
; |ControlUnit|Counter:CountMap|output[3]                         ; |ControlUnit|Counter:CountMap|output[3]                         ; regout           ;
; |ControlUnit|decoder3x8:Dec3to8Map|comb~0                       ; |ControlUnit|decoder3x8:Dec3to8Map|comb~0                       ; out0             ;
; |ControlUnit|decoder3x8:Dec3to8Map|output[7]~0                  ; |ControlUnit|decoder3x8:Dec3to8Map|output[7]~0                  ; out0             ;
; |ControlUnit|decoder3x8:Dec3to8Map|comb~1                       ; |ControlUnit|decoder3x8:Dec3to8Map|comb~1                       ; out0             ;
; |ControlUnit|decoder3x8:Dec3to8Map|output[7]~1                  ; |ControlUnit|decoder3x8:Dec3to8Map|output[7]~1                  ; out0             ;
; |ControlUnit|decoder3x8:Dec3to8Map|output[0]                    ; |ControlUnit|decoder3x8:Dec3to8Map|output[0]                    ; out              ;
; |ControlUnit|decoder3x8:Dec3to8Map|output[7]~2                  ; |ControlUnit|decoder3x8:Dec3to8Map|output[7]~2                  ; out              ;
; |ControlUnit|decoder3x8:Dec3to8Map|output[6]~3                  ; |ControlUnit|decoder3x8:Dec3to8Map|output[6]~3                  ; out              ;
; |ControlUnit|decoder3x8:Dec3to8Map|output[7]~4                  ; |ControlUnit|decoder3x8:Dec3to8Map|output[7]~4                  ; out0             ;
; |ControlUnit|decoder3x8:Dec3to8Map|comb~2                       ; |ControlUnit|decoder3x8:Dec3to8Map|comb~2                       ; out0             ;
; |ControlUnit|decoder3x8:Dec3to8Map|output[7]~5                  ; |ControlUnit|decoder3x8:Dec3to8Map|output[7]~5                  ; out              ;
; |ControlUnit|decoder3x8:Dec3to8Map|output[6]~6                  ; |ControlUnit|decoder3x8:Dec3to8Map|output[6]~6                  ; out              ;
; |ControlUnit|decoder3x8:Dec3to8Map|output[5]~7                  ; |ControlUnit|decoder3x8:Dec3to8Map|output[5]~7                  ; out              ;
; |ControlUnit|decoder3x8:Dec3to8Map|output[1]                    ; |ControlUnit|decoder3x8:Dec3to8Map|output[1]                    ; out              ;
; |ControlUnit|decoder3x8:Dec3to8Map|output[7]~8                  ; |ControlUnit|decoder3x8:Dec3to8Map|output[7]~8                  ; out0             ;
; |ControlUnit|decoder3x8:Dec3to8Map|output[7]~9                  ; |ControlUnit|decoder3x8:Dec3to8Map|output[7]~9                  ; out              ;
; |ControlUnit|decoder3x8:Dec3to8Map|output[6]~10                 ; |ControlUnit|decoder3x8:Dec3to8Map|output[6]~10                 ; out              ;
; |ControlUnit|decoder3x8:Dec3to8Map|output[5]~11                 ; |ControlUnit|decoder3x8:Dec3to8Map|output[5]~11                 ; out              ;
; |ControlUnit|decoder3x8:Dec3to8Map|output[4]~12                 ; |ControlUnit|decoder3x8:Dec3to8Map|output[4]~12                 ; out              ;
; |ControlUnit|decoder3x8:Dec3to8Map|comb~3                       ; |ControlUnit|decoder3x8:Dec3to8Map|comb~3                       ; out0             ;
; |ControlUnit|decoder3x8:Dec3to8Map|output[7]~13                 ; |ControlUnit|decoder3x8:Dec3to8Map|output[7]~13                 ; out0             ;
; |ControlUnit|decoder3x8:Dec3to8Map|output[2]                    ; |ControlUnit|decoder3x8:Dec3to8Map|output[2]                    ; out              ;
; |ControlUnit|decoder3x8:Dec3to8Map|output[7]~14                 ; |ControlUnit|decoder3x8:Dec3to8Map|output[7]~14                 ; out              ;
; |ControlUnit|decoder3x8:Dec3to8Map|output[6]~15                 ; |ControlUnit|decoder3x8:Dec3to8Map|output[6]~15                 ; out              ;
; |ControlUnit|decoder3x8:Dec3to8Map|output[5]~16                 ; |ControlUnit|decoder3x8:Dec3to8Map|output[5]~16                 ; out              ;
; |ControlUnit|decoder3x8:Dec3to8Map|output[4]~17                 ; |ControlUnit|decoder3x8:Dec3to8Map|output[4]~17                 ; out              ;
; |ControlUnit|decoder3x8:Dec3to8Map|output[3]~18                 ; |ControlUnit|decoder3x8:Dec3to8Map|output[3]~18                 ; out              ;
; |ControlUnit|decoder3x8:Dec3to8Map|comb~4                       ; |ControlUnit|decoder3x8:Dec3to8Map|comb~4                       ; out0             ;
; |ControlUnit|decoder3x8:Dec3to8Map|output[1]~20                 ; |ControlUnit|decoder3x8:Dec3to8Map|output[1]~20                 ; out              ;
; |ControlUnit|decoder3x8:Dec3to8Map|comb~5                       ; |ControlUnit|decoder3x8:Dec3to8Map|comb~5                       ; out0             ;
; |ControlUnit|decoder3x8:Dec3to8Map|output[2]~22                 ; |ControlUnit|decoder3x8:Dec3to8Map|output[2]~22                 ; out              ;
; |ControlUnit|decoder3x8:Dec3to8Map|output[2]~23                 ; |ControlUnit|decoder3x8:Dec3to8Map|output[2]~23                 ; out              ;
; |ControlUnit|decoder3x8:Dec3to8Map|comb~6                       ; |ControlUnit|decoder3x8:Dec3to8Map|comb~6                       ; out0             ;
; |ControlUnit|decoder3x8:Dec3to8Map|output[3]~25                 ; |ControlUnit|decoder3x8:Dec3to8Map|output[3]~25                 ; out              ;
; |ControlUnit|decoder3x8:Dec3to8Map|output[3]~26                 ; |ControlUnit|decoder3x8:Dec3to8Map|output[3]~26                 ; out              ;
; |ControlUnit|decoder3x8:Dec3to8Map|comb~7                       ; |ControlUnit|decoder3x8:Dec3to8Map|comb~7                       ; out0             ;
; |ControlUnit|decoder3x8:Dec3to8Map|output[4]~28                 ; |ControlUnit|decoder3x8:Dec3to8Map|output[4]~28                 ; out              ;
; |ControlUnit|decoder3x8:Dec3to8Map|output[4]~29                 ; |ControlUnit|decoder3x8:Dec3to8Map|output[4]~29                 ; out              ;
; |ControlUnit|decoder3x8:Dec3to8Map|comb~8                       ; |ControlUnit|decoder3x8:Dec3to8Map|comb~8                       ; out0             ;
; |ControlUnit|decoder3x8:Dec3to8Map|output[5]~31                 ; |ControlUnit|decoder3x8:Dec3to8Map|output[5]~31                 ; out              ;
; |ControlUnit|decoder3x8:Dec3to8Map|output[5]~32                 ; |ControlUnit|decoder3x8:Dec3to8Map|output[5]~32                 ; out              ;
; |ControlUnit|decoder3x8:Dec3to8Map|comb~9                       ; |ControlUnit|decoder3x8:Dec3to8Map|comb~9                       ; out0             ;
; |ControlUnit|decoder3x8:Dec3to8Map|output[6]~34                 ; |ControlUnit|decoder3x8:Dec3to8Map|output[6]~34                 ; out              ;
; |ControlUnit|decoder3x8:Dec3to8Map|output[6]~35                 ; |ControlUnit|decoder3x8:Dec3to8Map|output[6]~35                 ; out              ;
; |ControlUnit|decoder3x8:Dec3to8Map|comb~10                      ; |ControlUnit|decoder3x8:Dec3to8Map|comb~10                      ; out0             ;
; |ControlUnit|decoder3x8:Dec3to8Map|output[7]~37                 ; |ControlUnit|decoder3x8:Dec3to8Map|output[7]~37                 ; out0             ;
; |ControlUnit|decoder3x8:Dec3to8Map|output[7]~38                 ; |ControlUnit|decoder3x8:Dec3to8Map|output[7]~38                 ; out              ;
; |ControlUnit|decoder3x8:Dec3to8Map|output[7]~39                 ; |ControlUnit|decoder3x8:Dec3to8Map|output[7]~39                 ; out0             ;
; |ControlUnit|decoder3x8:Dec3to8Map|output[7]~40                 ; |ControlUnit|decoder3x8:Dec3to8Map|output[7]~40                 ; out              ;
; |ControlUnit|decoder3x8:Dec3to8Map|comb~11                      ; |ControlUnit|decoder3x8:Dec3to8Map|comb~11                      ; out0             ;
; |ControlUnit|decoder3x8:Dec3to8Map|output[3]                    ; |ControlUnit|decoder3x8:Dec3to8Map|output[3]                    ; out              ;
; |ControlUnit|decoder3x8:Dec3to8Map|comb~12                      ; |ControlUnit|decoder3x8:Dec3to8Map|comb~12                      ; out0             ;
; |ControlUnit|decoder3x8:Dec3to8Map|output[4]                    ; |ControlUnit|decoder3x8:Dec3to8Map|output[4]                    ; out              ;
; |ControlUnit|decoder3x8:Dec3to8Map|comb~13                      ; |ControlUnit|decoder3x8:Dec3to8Map|comb~13                      ; out0             ;
; |ControlUnit|decoder3x8:Dec3to8Map|output[5]                    ; |ControlUnit|decoder3x8:Dec3to8Map|output[5]                    ; out              ;
; |ControlUnit|decoder3x8:Dec3to8Map|comb~14                      ; |ControlUnit|decoder3x8:Dec3to8Map|comb~14                      ; out0             ;
; |ControlUnit|decoder3x8:Dec3to8Map|output[6]                    ; |ControlUnit|decoder3x8:Dec3to8Map|output[6]                    ; out              ;
; |ControlUnit|decoder3x8:Dec3to8Map|comb~15                      ; |ControlUnit|decoder3x8:Dec3to8Map|comb~15                      ; out0             ;
; |ControlUnit|decoder3x8:Dec3to8Map|output[7]                    ; |ControlUnit|decoder3x8:Dec3to8Map|output[7]                    ; out              ;
; |ControlUnit|Counter:CountMap|Add0~0                            ; |ControlUnit|Counter:CountMap|Add0~0                            ; out0             ;
; |ControlUnit|Counter:CountMap|Add0~1                            ; |ControlUnit|Counter:CountMap|Add0~1                            ; out0             ;
; |ControlUnit|Counter:CountMap|Add0~2                            ; |ControlUnit|Counter:CountMap|Add0~2                            ; out0             ;
; |ControlUnit|Counter:CountMap|Add0~3                            ; |ControlUnit|Counter:CountMap|Add0~3                            ; out0             ;
; |ControlUnit|Counter:CountMap|Add0~4                            ; |ControlUnit|Counter:CountMap|Add0~4                            ; out0             ;
; |ControlUnit|decoder4x16:Dec4to16Map|decoder3x8:d2|Equal0~0     ; |ControlUnit|decoder4x16:Dec4to16Map|decoder3x8:d2|Equal0~0     ; out0             ;
; |ControlUnit|decoder4x16:Dec4to16Map|decoder3x8:d2|Equal1~0     ; |ControlUnit|decoder4x16:Dec4to16Map|decoder3x8:d2|Equal1~0     ; out0             ;
; |ControlUnit|decoder4x16:Dec4to16Map|decoder3x8:d2|Equal2~0     ; |ControlUnit|decoder4x16:Dec4to16Map|decoder3x8:d2|Equal2~0     ; out0             ;
; |ControlUnit|decoder4x16:Dec4to16Map|decoder3x8:d2|Equal3~0     ; |ControlUnit|decoder4x16:Dec4to16Map|decoder3x8:d2|Equal3~0     ; out0             ;
; |ControlUnit|decoder4x16:Dec4to16Map|decoder3x8:d2|Equal4~0     ; |ControlUnit|decoder4x16:Dec4to16Map|decoder3x8:d2|Equal4~0     ; out0             ;
; |ControlUnit|decoder4x16:Dec4to16Map|decoder3x8:d2|Equal5~0     ; |ControlUnit|decoder4x16:Dec4to16Map|decoder3x8:d2|Equal5~0     ; out0             ;
; |ControlUnit|decoder4x16:Dec4to16Map|decoder3x8:d2|Equal6~0     ; |ControlUnit|decoder4x16:Dec4to16Map|decoder3x8:d2|Equal6~0     ; out0             ;
; |ControlUnit|decoder4x16:Dec4to16Map|decoder3x8:d2|Equal7~0     ; |ControlUnit|decoder4x16:Dec4to16Map|decoder3x8:d2|Equal7~0     ; out0             ;
; |ControlUnit|decoder4x16:Dec4to16Map|decoder3x8:d1|Equal0~0     ; |ControlUnit|decoder4x16:Dec4to16Map|decoder3x8:d1|Equal0~0     ; out0             ;
; |ControlUnit|decoder4x16:Dec4to16Map|decoder3x8:d1|Equal1~0     ; |ControlUnit|decoder4x16:Dec4to16Map|decoder3x8:d1|Equal1~0     ; out0             ;
; |ControlUnit|decoder4x16:Dec4to16Map|decoder3x8:d1|Equal2~0     ; |ControlUnit|decoder4x16:Dec4to16Map|decoder3x8:d1|Equal2~0     ; out0             ;
; |ControlUnit|decoder4x16:Dec4to16Map|decoder3x8:d1|Equal3~0     ; |ControlUnit|decoder4x16:Dec4to16Map|decoder3x8:d1|Equal3~0     ; out0             ;
; |ControlUnit|decoder4x16:Dec4to16Map|decoder3x8:d1|Equal4~0     ; |ControlUnit|decoder4x16:Dec4to16Map|decoder3x8:d1|Equal4~0     ; out0             ;
; |ControlUnit|decoder4x16:Dec4to16Map|decoder3x8:d1|Equal5~0     ; |ControlUnit|decoder4x16:Dec4to16Map|decoder3x8:d1|Equal5~0     ; out0             ;
; |ControlUnit|decoder4x16:Dec4to16Map|decoder3x8:d1|Equal6~0     ; |ControlUnit|decoder4x16:Dec4to16Map|decoder3x8:d1|Equal6~0     ; out0             ;
; |ControlUnit|decoder4x16:Dec4to16Map|decoder3x8:d1|Equal7~0     ; |ControlUnit|decoder4x16:Dec4to16Map|decoder3x8:d1|Equal7~0     ; out0             ;
; |ControlUnit|decoder3x8:Dec3to8Map|Equal0~0                     ; |ControlUnit|decoder3x8:Dec3to8Map|Equal0~0                     ; out0             ;
; |ControlUnit|decoder3x8:Dec3to8Map|Equal1~0                     ; |ControlUnit|decoder3x8:Dec3to8Map|Equal1~0                     ; out0             ;
; |ControlUnit|decoder3x8:Dec3to8Map|Equal2~0                     ; |ControlUnit|decoder3x8:Dec3to8Map|Equal2~0                     ; out0             ;
; |ControlUnit|decoder3x8:Dec3to8Map|Equal3~0                     ; |ControlUnit|decoder3x8:Dec3to8Map|Equal3~0                     ; out0             ;
; |ControlUnit|decoder3x8:Dec3to8Map|Equal4~0                     ; |ControlUnit|decoder3x8:Dec3to8Map|Equal4~0                     ; out0             ;
; |ControlUnit|decoder3x8:Dec3to8Map|Equal5~0                     ; |ControlUnit|decoder3x8:Dec3to8Map|Equal5~0                     ; out0             ;
; |ControlUnit|decoder3x8:Dec3to8Map|Equal6~0                     ; |ControlUnit|decoder3x8:Dec3to8Map|Equal6~0                     ; out0             ;
; |ControlUnit|decoder3x8:Dec3to8Map|Equal7~0                     ; |ControlUnit|decoder3x8:Dec3to8Map|Equal7~0                     ; out0             ;
+-----------------------------------------------------------------+-----------------------------------------------------------------+------------------+


The following table displays output ports that do not toggle to 1 during simulation.
+--------------------------------------------------------+
; Missing 1-Value Coverage                               ;
+------------------+------------------+------------------+
; Node Name        ; Output Port Name ; Output Port Type ;
+------------------+------------------+------------------+
; |ControlUnit|clr ; |ControlUnit|clr ; out              ;
+------------------+------------------+------------------+


The following table displays output ports that do not toggle to 0 during simulation.
+--------------------------------------------------------+
; Missing 0-Value Coverage                               ;
+------------------+------------------+------------------+
; Node Name        ; Output Port Name ; Output Port Type ;
+------------------+------------------+------------------+
; |ControlUnit|clr ; |ControlUnit|clr ; out              ;
+------------------+------------------+------------------+


+---------------------+
; Simulator INI Usage ;
+--------+------------+
; Option ; Usage      ;
+--------+------------+


+--------------------+
; Simulator Messages ;
+--------------------+
Info: *******************************************************************
Info: Running Quartus II Simulator
    Info: Version 9.1 Build 350 03/24/2010 Service Pack 2 SJ Web Edition
    Info: Processing started: Sun Aug 14 15:19:56 2022
Info: Command: quartus_sim --read_settings_files=on --write_settings_files=off task09 -c task09
Info: Using vector source file "C:/Users/orga01.CED/Desktop/task09/control.vwf"
Info: Option to preserve fewer signal transitions to reduce memory requirements is enabled
    Info: Simulation has been partitioned into sub-simulations according to the maximum transition count determined by the engine. Transitions from memory will be flushed out to disk at the end of each sub-simulation to reduce memory requirements.
Warning: Found clock-sensitive change during active clock edge at time 10.0 ns on register "|ControlUnit|Counter:CountMap|output[0]"
Warning: Found clock-sensitive change during active clock edge at time 45.0 ns on register "|ControlUnit|Counter:CountMap|output[1]"
Warning: Found clock-sensitive change during active clock edge at time 95.0 ns on register "|ControlUnit|Counter:CountMap|output[2]"
Warning: Found clock-sensitive change during active clock edge at time 375.0 ns on register "|ControlUnit|Counter:CountMap|output[3]"
Info: Simulation partitioned into 1 sub-simulations
Info: Simulation coverage is      99.67 %
Info: Number of transitions in simulation is 10101
Info: Quartus II Simulator was successful. 0 errors, 4 warnings
    Info: Peak virtual memory: 142 megabytes
    Info: Processing ended: Sun Aug 14 15:19:57 2022
    Info: Elapsed time: 00:00:01
    Info: Total CPU time (on all processors): 00:00:00


